{
  "@attributes": {
    "completed": "true"
  },
  "to": "Foo",
  "from": "Bar",
  "heading": "Baz",
  "body": "FooBar!",
  "created_at": {},
  "updated_at": {},
  "completed_at": "01-01-1970 12:00"
}
